---
source: crates/yakui-widgets/tests/snapshot.rs
expression: view
snapshot_kind: text
---
- AlignWidget pos(0, 0) size(1000, 1000)
  - ConstrainedBoxWidget pos(0, 0) size(800, 800)
    - ButtonWidget pos(0, 0) size(800, 800)
      - RoundRectWidget pos(0, 0) size(800, 800)
        - PadWidget pos(0, 0) size(800, 800)
          - AlignWidget pos(20, 10) size(760, 780)
            - RenderTextWidget pos(20, 364.5) size(760, 71)
