---
source: crates/yakui-widgets/tests/snapshot.rs
assertion_line: 337
expression: view
---
- ListWidget pos(0, 0) size(1000, 1000)
  - ButtonWidget pos(0, 0) size(74, 36)
    - RoundRectWidget pos(0, 0) size(74, 36)
      - PadWidget pos(0, 0) size(74, 36)
        - AlignWidget pos(20, 10) size(34, 16)
          - RenderTextWidget pos(20, 10) size(34, 16)
